Archive member included to satisfy reference by file (symbol)

/usr/bin/../lib/gcc/arm-none-eabi/7.3.1/../../../../arm-none-eabi/lib/thumb/v7-m/libm.a(lib_a-w_fmod.o)
                              tetris_animations.o (fmod)
/usr/bin/../lib/gcc/arm-none-eabi/7.3.1/../../../../arm-none-eabi/lib/thumb/v7-m/libm.a(lib_a-w_pow.o)
                              tetris_animations.o (pow)
/usr/bin/../lib/gcc/arm-none-eabi/7.3.1/../../../../arm-none-eabi/lib/thumb/v7-m/libm.a(lib_a-e_fmod.o)
                              /usr/bin/../lib/gcc/arm-none-eabi/7.3.1/../../../../arm-none-eabi/lib/thumb/v7-m/libm.a(lib_a-w_fmod.o) (__ieee754_fmod)
/usr/bin/../lib/gcc/arm-none-eabi/7.3.1/../../../../arm-none-eabi/lib/thumb/v7-m/libm.a(lib_a-e_pow.o)
                              /usr/bin/../lib/gcc/arm-none-eabi/7.3.1/../../../../arm-none-eabi/lib/thumb/v7-m/libm.a(lib_a-w_pow.o) (__ieee754_pow)
/usr/bin/../lib/gcc/arm-none-eabi/7.3.1/../../../../arm-none-eabi/lib/thumb/v7-m/libm.a(lib_a-e_sqrt.o)
                              /usr/bin/../lib/gcc/arm-none-eabi/7.3.1/../../../../arm-none-eabi/lib/thumb/v7-m/libm.a(lib_a-e_pow.o) (__ieee754_sqrt)
/usr/bin/../lib/gcc/arm-none-eabi/7.3.1/../../../../arm-none-eabi/lib/thumb/v7-m/libm.a(lib_a-s_fabs.o)
                              /usr/bin/../lib/gcc/arm-none-eabi/7.3.1/../../../../arm-none-eabi/lib/thumb/v7-m/libm.a(lib_a-e_pow.o) (fabs)
/usr/bin/../lib/gcc/arm-none-eabi/7.3.1/../../../../arm-none-eabi/lib/thumb/v7-m/libm.a(lib_a-s_finite.o)
                              /usr/bin/../lib/gcc/arm-none-eabi/7.3.1/../../../../arm-none-eabi/lib/thumb/v7-m/libm.a(lib_a-w_pow.o) (finite)
/usr/bin/../lib/gcc/arm-none-eabi/7.3.1/../../../../arm-none-eabi/lib/thumb/v7-m/libm.a(lib_a-s_lib_ver.o)
                              /usr/bin/../lib/gcc/arm-none-eabi/7.3.1/../../../../arm-none-eabi/lib/thumb/v7-m/libm.a(lib_a-w_fmod.o) (__fdlib_version)
/usr/bin/../lib/gcc/arm-none-eabi/7.3.1/../../../../arm-none-eabi/lib/thumb/v7-m/libm.a(lib_a-s_matherr.o)
                              /usr/bin/../lib/gcc/arm-none-eabi/7.3.1/../../../../arm-none-eabi/lib/thumb/v7-m/libm.a(lib_a-w_fmod.o) (matherr)
/usr/bin/../lib/gcc/arm-none-eabi/7.3.1/../../../../arm-none-eabi/lib/thumb/v7-m/libm.a(lib_a-s_nan.o)
                              /usr/bin/../lib/gcc/arm-none-eabi/7.3.1/../../../../arm-none-eabi/lib/thumb/v7-m/libm.a(lib_a-e_pow.o) (nan)
/usr/bin/../lib/gcc/arm-none-eabi/7.3.1/../../../../arm-none-eabi/lib/thumb/v7-m/libm.a(lib_a-s_rint.o)
                              /usr/bin/../lib/gcc/arm-none-eabi/7.3.1/../../../../arm-none-eabi/lib/thumb/v7-m/libm.a(lib_a-w_pow.o) (rint)
/usr/bin/../lib/gcc/arm-none-eabi/7.3.1/../../../../arm-none-eabi/lib/thumb/v7-m/libm.a(lib_a-s_scalbn.o)
                              /usr/bin/../lib/gcc/arm-none-eabi/7.3.1/../../../../arm-none-eabi/lib/thumb/v7-m/libm.a(lib_a-e_pow.o) (scalbn)
/usr/bin/../lib/gcc/arm-none-eabi/7.3.1/../../../../arm-none-eabi/lib/thumb/v7-m/libm.a(lib_a-s_copysign.o)
                              /usr/bin/../lib/gcc/arm-none-eabi/7.3.1/../../../../arm-none-eabi/lib/thumb/v7-m/libm.a(lib_a-s_scalbn.o) (copysign)
/usr/bin/../lib/gcc/arm-none-eabi/7.3.1/thumb/v7-m/libgcc.a(_arm_addsubdf3.o)
                              /usr/bin/../lib/gcc/arm-none-eabi/7.3.1/../../../../arm-none-eabi/lib/thumb/v7-m/libm.a(lib_a-e_pow.o) (__aeabi_dsub)
/usr/bin/../lib/gcc/arm-none-eabi/7.3.1/thumb/v7-m/libgcc.a(_arm_muldivdf3.o)
                              tetris.o (__aeabi_dmul)
/usr/bin/../lib/gcc/arm-none-eabi/7.3.1/thumb/v7-m/libgcc.a(_arm_cmpdf2.o)
                              /usr/bin/../lib/gcc/arm-none-eabi/7.3.1/../../../../arm-none-eabi/lib/thumb/v7-m/libm.a(lib_a-w_fmod.o) (__aeabi_dcmpeq)
/usr/bin/../lib/gcc/arm-none-eabi/7.3.1/thumb/v7-m/libgcc.a(_arm_unorddf2.o)
                              /usr/bin/../lib/gcc/arm-none-eabi/7.3.1/../../../../arm-none-eabi/lib/thumb/v7-m/libm.a(lib_a-w_fmod.o) (__aeabi_dcmpun)
/usr/bin/../lib/gcc/arm-none-eabi/7.3.1/thumb/v7-m/libgcc.a(_arm_fixdfsi.o)
                              tetris_animations.o (__aeabi_d2iz)
/usr/bin/../lib/gcc/arm-none-eabi/7.3.1/thumb/v7-m/libgcc.a(_arm_fixunsdfsi.o)
                              tetris.o (__aeabi_d2uiz)
/usr/bin/../lib/gcc/arm-none-eabi/7.3.1/thumb/v7-m/libgcc.a(_aeabi_uldivmod.o)
                              hwlib.o (__aeabi_uldivmod)
/usr/bin/../lib/gcc/arm-none-eabi/7.3.1/thumb/v7-m/libgcc.a(_udivmoddi4.o)
                              /usr/bin/../lib/gcc/arm-none-eabi/7.3.1/thumb/v7-m/libgcc.a(_aeabi_uldivmod.o) (__udivmoddi4)
/usr/bin/../lib/gcc/arm-none-eabi/7.3.1/thumb/v7-m/libgcc.a(_dvmd_tls.o)
                              /usr/bin/../lib/gcc/arm-none-eabi/7.3.1/thumb/v7-m/libgcc.a(_aeabi_uldivmod.o) (__aeabi_ldiv0)
/usr/bin/../lib/gcc/arm-none-eabi/7.3.1/../../../../arm-none-eabi/lib/thumb/v7-m/libc.a(lib_a-errno.o)
[...]
Memory Configuration

Name             Origin             Length             Attributes
rom              0x0000000000000000 0x0000000000080000 xr
ram              0x0000000020000000 0x0000000000018000 xrw
nul              0x0000000020018000 0x0000000000000000 xrw
*default*        0x0000000000000000 0xffffffffffffffff

Linker script and memory map

LOAD /usr/bin/../lib/gcc/arm-none-eabi/7.3.1/thumb/v7-m/libgcc.a
LOAD tetris.o
LOAD effects.o
LOAD tetris_animations.o
LOAD tetris_pieces.o
LOAD hwlib.o
LOAD main.o
LOAD bmptk_cortex.o
LOAD bmptk_heap_none.o
LOAD bmptk_fixed_size_stack.o
LOAD /usr/bin/../lib/gcc/arm-none-eabi/7.3.1/../../../../arm-none-eabi/lib/thumb/v7-m/libm.a
LOAD /usr/bin/../lib/gcc/arm-none-eabi/7.3.1/thumb/v7-m/libgcc.a
LOAD /usr/bin/../lib/gcc/arm-none-eabi/7.3.1/../../../../arm-none-eabi/lib/thumb/v7-m/libc.a
                0x0000000000000000                __rom_start = ORIGIN (rom)
                0x0000000000080000                __rom_size = LENGTH (rom)
                0x0000000000080000                __rom_end = (__rom_start + __rom_size)
                0x0000000020000000                __ram_start = ORIGIN (ram)
                0x0000000000018000                __ram_size = LENGTH (ram)
                0x0000000020018000                __ram_end = (__ram_start + __ram_size)
                [!provide]                        PROVIDE (__rom_start = __rom_start)
                [!provide]                        PROVIDE (__rom_size = __rom_size)
                [!provide]                        PROVIDE (__rom_end = __rom_end)
                [!provide]                        PROVIDE (__ram_start = __ram_start)
                [!provide]                        PROVIDE (__ram_size = __ram_size)
                [!provide]                        PROVIDE (__ram_end = __ram_end)

.text           0x0000000000000000     0x62c0
                0x0000000000000000                . = ALIGN (0x4)
                0x0000000000000000                __text_start = .
                [!provide]                        PROVIDE (__text_start = __text_start)
                0x0000000000000000                . = ALIGN (0x4)
 *(.vectors)
 .vectors       0x0000000000000000       0x20 bmptk_cortex.o
                0x0000000000000000                __vectors
                0x0000000000000020                . = ALIGN (0x4)
 *(.text .text.* .gnu.linkonce.t.*)
 .text._ZN5hwlib6window5writeENS_2xyENS_5colorE
                0x0000000000000020       0x5c tetris.o
                0x0000000000000020                hwlib::window::write(hwlib::xy, hwlib::color)
 .text._ZN5hwlib4line4drawERNS_6windowE
                0x000000000000007c       0xa2 tetris.o
                0x000000000000007c                hwlib::line::draw(hwlib::window&)
 *fill*         0x000000000000011e        0x2 
 .text._ZN6sam3xa10SystemInitEv
                0x0000000000000120       0x7c tetris.o
                0x0000000000000120                sam3xa::SystemInit()
 .text._ZN3due8pin_infoENS_4pinsE
                0x000000000000019c       0x20 tetris.o
                0x000000000000019c                due::pin_info(due::pins)
 .text._ZN3due14port_registersEm
                0x00000000000001bc       0x54 tetris.o
                0x00000000000001bc                due::port_registers(unsigned long)
 .text._ZN3due12ticks_per_usEv
                0x0000000000000210        0x6 tetris.o
                0x0000000000000210                due::ticks_per_us()
 *fill*         0x0000000000000216        0x2 
 .text._ZN3due9now_ticksEv
                0x0000000000000218       0x80 tetris.o
                0x0000000000000218                due::now_ticks()
 .text._ZN9ledscreen14ledwindow_base3getERKN5hwlib2xyE
                0x0000000000000298       0x42 tetris.o
                0x0000000000000298                ledscreen::ledwindow_base::get(hwlib::xy const&)
 *fill*         0x00000000000002da        0x2 
 .text._ZN6tetris4game10draw_frameEv
                0x00000000000002dc      0x114 tetris.o
                0x00000000000002dc                tetris::game::draw_frame()
 .text._ZN6tetris4game5spawnERNS_5pieceE
                0x00000000000003f0      0x184 tetris.o
                0x00000000000003f0                tetris::game::spawn(tetris::piece&)
 .text._ZN6tetris4game8newPieceERKi
                0x0000000000000574      0x178 tetris.o
                0x0000000000000574                tetris::game::newPiece(int const&)
 .text._ZN6tetris4game11count_scoreERKj
                0x00000000000006ec       0x2e tetris.o
                0x00000000000006ec                tetris::game::count_score(unsigned int const&)
 .text._ZN6tetris4game10line_clearERKjS2_
                0x000000000000071a      0x352 tetris.o
                0x000000000000071a                tetris::game::line_clear(unsigned int const&, unsigned int const&)
 .text._ZN6tetris4game11check_scoreERKjS2_
                0x0000000000000a6c       0x3a tetris.o
                0x0000000000000a6c                tetris::game::check_score(unsigned int const&, unsigned int const&)
 .text._ZN6tetris4game11check_scoreERKjS2_.part.7
                0x0000000000000aa6       0x7a tetris.o
 .text._ZN6tetris4game12player_inputEv
                0x0000000000000b20      0x130 tetris.o
                0x0000000000000b20                tetris::game::player_input()
 .text._ZN6tetris4game12restart_menuEv
                0x0000000000000c50      0x350 tetris.o
                0x0000000000000c50                tetris::game::restart_menu()
 .text._ZN6tetris4game12update_levelEv
                0x0000000000000fa0       0x32 tetris.o
                0x0000000000000fa0                tetris::game::update_level()
 *fill*         0x0000000000000fd2        0x2 
 .text._ZNSt8__detail4_ModIjLj2147483647ELj16807ELj0ELb0ELb1EE6__calcEj
                0x0000000000000fd4       0x2c tetris.o
                0x0000000000000fd4                std::__detail::_Mod<unsigned int, 2147483647u, 16807u, 0u, false, true>::__calc(unsigned int)
 .text._ZNSt20shuffle_order_engineISt26linear_congruential_engineIjLj16807ELj0ELj2147483647EELj256EEclEv
                0x0000000000001000       0x4c tetris.o
                0x0000000000001000                std::shuffle_order_engine<std::linear_congruential_engine<unsigned int, 16807u, 0u, 2147483647u>, 256u>::operator()()
 .text._ZNSt24uniform_int_distributionIiEclISt20shuffle_order_engineISt26linear_congruential_engineIjLj16807ELj0ELj2147483647EELj256EEEEiRT_RKNS0_10param_typeE
                0x000000000000104c       0x90 tetris.o
                0x000000000000104c                int std::uniform_int_distribution<int>::operator()<std::shuffle_order_engine<std::linear_congruential_engine<unsigned int, 16807u, 0u, 2147483647u>, 256u> >(std::shuffle_order_engine<std::linear_congruential_engine<unsigned int, 16807u, 0u, 2147483647u>, 256u>&, std::uniform_int_distribution<int>::param_type const&)
 .text.startup._ZN6tetris4game4mainERKi
                0x00000000000010dc      0x23e tetris.o
                0x00000000000010dc                tetris::game::main(int const&)
 *fill*         0x000000000000131a        0x6 
 .text._ZN7effects10cold_shift4tickEv
                0x0000000000001320       0xd4 effects.o
                0x0000000000001320                effects::cold_shift::tick()
 .text._ZNSt20shuffle_order_engineISt26linear_congruential_engineIjLj16807ELj0ELj2147483647EELj256EEC2Ej
                0x00000000000013f4       0x40 effects.o
                0x00000000000013f4                std::shuffle_order_engine<std::linear_congruential_engine<unsigned int, 16807u, 0u, 2147483647u>, 256u>::shuffle_order_engine(unsigned int)
                0x00000000000013f4                std::shuffle_order_engine<std::linear_congruential_engine<unsigned int, 16807u, 0u, 2147483647u>, 256u>::shuffle_order_engine(unsigned int)
 .text._ZN7effects12game_of_life4tickERKi
                0x0000000000001434      0x1e4 effects.o
                0x0000000000001434                effects::game_of_life::tick(int const&)
 .text._ZN7effects12colour_lines4tickERKi.part.9
                0x0000000000001618       0xdc effects.o
 .text._ZN7effects12colour_lines4tickERKi
                0x00000000000016f4       0x20 effects.o
                0x00000000000016f4                effects::colour_lines::tick(int const&)
 .text._Z12effects_mainRN9ledscreen14ledwindow_baseERN5hwlib6pin_inES4_S4_S4_S4_S4_S4_S4_
                0x0000000000001714      0x1a4 effects.o
                0x0000000000001714                effects_main(ledscreen::ledwindow_base&, hwlib::pin_in&, hwlib::pin_in&, hwlib::pin_in&, hwlib::pin_in&, hwlib::pin_in&, hwlib::pin_in&, hwlib::pin_in&, hwlib::pin_in&)
 .text._Z11tetris_logoRN5hwlib6windowE
                0x00000000000018b8      0x464 tetris_animations.o
                0x00000000000018b8                tetris_logo(hwlib::window&)
 .text._Z11fill_screenRN5hwlib6windowERKiS3_S3_
                0x0000000000001d1c       0x8c tetris_animations.o
                0x0000000000001d1c                fill_screen(hwlib::window&, int const&, int const&, int const&)
 .text._Z7write_mRN5hwlib6windowERKNS_5colorERKNS_2xyES7_S7_S7_S7_S7_S7_S7_S7_S7_S7_S7_S7_S7_S7_S7_S7_S7_S7_S7_S7_S7_S7_S7_S7_
                0x0000000000001da8      0x16e tetris_animations.o
                0x0000000000001da8                write_m(hwlib::window&, hwlib::color const&, hwlib::xy const&, hwlib::xy const&, hwlib::xy const&, hwlib::xy const&, hwlib::xy const&, hwlib::xy const&, hwlib::xy const&, hwlib::xy const&, hwlib::xy const&, hwlib::xy const&, hwlib::xy const&, hwlib::xy const&, hwlib::xy const&, hwlib::xy const&, hwlib::xy const&, hwlib::xy const&, hwlib::xy const&, hwlib::xy const&, hwlib::xy const&, hwlib::xy const&, hwlib::xy const&, hwlib::xy const&, hwlib::xy const&, hwlib::xy const&, hwlib::xy const&)
 *fill*         0x0000000000001f16        0x2 
 .text._Z14game_over_animRN5hwlib6windowE
                0x0000000000001f18      0x874 tetris_animations.o
                0x0000000000001f18                game_over_anim(hwlib::window&)
 .text._Z12draw_pointerRN5hwlib6windowERKNS_5colorERKi
                0x000000000000278c       0xf0 tetris_animations.o
                0x000000000000278c                draw_pointer(hwlib::window&, hwlib::color const&, int const&)
 .text._Z11draw_numberRN5hwlib6windowERKNS_2xyERKjRKNS_5colorE
                0x000000000000287c      0x476 tetris_animations.o
                0x000000000000287c                draw_number(hwlib::window&, hwlib::xy const&, unsigned int const&, hwlib::color const&)
 *fill*         0x0000000000002cf2        0x2 
 .text._Z10draw_scoreRN5hwlib6windowERKi
                0x0000000000002cf4       0xbc tetris_animations.o
                0x0000000000002cf4                draw_score(hwlib::window&, int const&)
 .text._Z10draw_levelRN5hwlib6windowERKi
                0x0000000000002db0      0x2f2 tetris_animations.o
                0x0000000000002db0                draw_level(hwlib::window&, int const&)
 .text._ZNK5hwlib2xyeqERKS0_
                0x00000000000030a2       0x18 tetris_pieces.o
                0x00000000000030a2                hwlib::xy::operator==(hwlib::xy const&) const
 .text._ZN6tetris5piece4drawERN9ledscreen14ledwindow_baseE
                0x00000000000030ba       0x40 tetris_pieces.o
                0x00000000000030ba                tetris::piece::draw(ledscreen::ledwindow_base&)
 .text._ZN6tetris5piece5clearERN9ledscreen14ledwindow_baseE
                0x00000000000030fa       0x84 tetris_pieces.o
                0x00000000000030fa                tetris::piece::clear(ledscreen::ledwindow_base&)
 .text._ZN6tetris5piece4moveERN9ledscreen14ledwindow_baseERKiS5_
                0x000000000000317e       0x5e tetris_pieces.o
                0x000000000000317e                tetris::piece::move(ledscreen::ledwindow_base&, int const&, int const&)
 .text._ZN6tetris5piece6rotateERKi
                0x00000000000031dc      0x35c tetris_pieces.o
                0x00000000000031dc                tetris::piece::rotate(int const&)
 .text._ZN6tetris5piece6updateERN9ledscreen14ledwindow_baseERKiS5_S5_
                0x0000000000003538      0x3c6 tetris_pieces.o
                0x0000000000003538                tetris::piece::update(ledscreen::ledwindow_base&, int const&, int const&, int const&)
 .text._ZN5hwlib6window20clear_implementationENS_5colorE
                0x00000000000038fe       0x72 hwlib.o
                0x00000000000038fe                hwlib::window::clear_implementation(hwlib::color)
 .text._ZN5hwlib6window5clearENS_5colorE
                0x0000000000003970       0x56 hwlib.o
                0x0000000000003970                hwlib::window::clear(hwlib::color)
 .text._ZN5hwlib5panicEPKcj
                0x00000000000039c6        0x2 hwlib.o
                0x00000000000039c6                hwlib::panic(char const*, unsigned int)
 .text._ZN5hwlib10background18do_background_workEv
                0x00000000000039c8       0x3c hwlib.o
                0x00000000000039c8                hwlib::background::do_background_work()
 .text._ZN5hwlib6now_usEv
                0x0000000000003a04       0x1c hwlib.o
                0x0000000000003a04                hwlib::now_us()
 .text._ZN5hwlib7wait_usEi
                0x0000000000003a20       0x22 hwlib.o
                0x0000000000003a20                hwlib::wait_us(int)
 .text._ZN5hwlib7wait_nsEi
                0x0000000000003a42       0x14 hwlib.o
                0x0000000000003a42                hwlib::wait_ns(int)
 .text._ZN5hwlib7wait_msEi
                0x0000000000003a56       0x16 hwlib.o
                0x0000000000003a56                hwlib::wait_ms(int)
 .text._ZN3due6pin_in4readEv
                0x0000000000003a6c       0x10 main.o
                0x0000000000003a6c                due::pin_in::read()
 .text._ZN3due6pin_in7refreshEv
                0x0000000000003a7c        0x2 main.o
                0x0000000000003a7c                due::pin_in::refresh()
 .text._ZN3due7pin_out5writeEb
                0x0000000000003a7e        0xe main.o
                0x0000000000003a7e                due::pin_out::write(bool)
 .text._ZN3due7pin_out5flushEv
                0x0000000000003a8c        0x2 main.o
                0x0000000000003a8c                due::pin_out::flush()
 .text._ZN9ledscreen7WS2812B3getERKj
                0x0000000000003a8e       0x1c main.o
                0x0000000000003a8e                ledscreen::WS2812B::get(unsigned int const&)
 .text._ZN9ledscreen31ledwindow_vertical_bottom_right13xy_conversionEN5hwlib2xyE
                0x0000000000003aaa       0x28 main.o
                0x0000000000003aaa                ledscreen::ledwindow_vertical_bottom_right::xy_conversion(hwlib::xy)
 *fill*         0x0000000000003ad2        0x2 
 .text._ZN3due6pin_inC2ENS_4pinsE
                0x0000000000003ad4       0x34 main.o
                0x0000000000003ad4                due::pin_in::pin_in(due::pins)
                0x0000000000003ad4                due::pin_in::pin_in(due::pins)
 .text._ZN9ledscreen7WS2812B4drawEji
                0x0000000000003b08       0x2a main.o
                0x0000000000003b08                ledscreen::WS2812B::draw(unsigned int, int)
 .text._ZN9ledscreen31ledwindow_vertical_bottom_right20write_implementationEN5hwlib2xyENS1_5colorE
                0x0000000000003b32       0x3a main.o
                0x0000000000003b32                ledscreen::ledwindow_vertical_bottom_right::write_implementation(hwlib::xy, hwlib::color)
 .text._ZN9ledscreen7WS2812B5flushEv
                0x0000000000003b6c       0x7c main.o
                0x0000000000003b6c                ledscreen::WS2812B::flush()
 .text._ZN9ledscreen14ledwindow_base5flushEv
                0x0000000000003be8        0xa main.o
                0x0000000000003be8                ledscreen::ledwindow_base::flush()
 *fill*         0x0000000000003bf2        0x2 
 .text.startup.main
                0x0000000000003bf4      0x198 main.o
                0x0000000000003bf4                main
 .text.__startup
                0x0000000000003d8c       0x48 bmptk_cortex.o
                0x0000000000003d8c                __startup
 .text.fmod     0x0000000000003dd4       0xc0 /usr/bin/../lib/gcc/arm-none-eabi/7.3.1/../../../../arm-none-eabi/lib/thumb/v7-m/libm.a(lib_a-w_fmod.o)
                0x0000000000003dd4                fmod
 .text.pow      0x0000000000003e94      0x334 /usr/bin/../lib/gcc/arm-none-eabi/7.3.1/../../../../arm-none-eabi/lib/thumb/v7-m/libm.a(lib_a-w_pow.o)
                0x0000000000003e94                pow
 .text.__ieee754_fmod
                0x00000000000041c8      0x23c /usr/bin/../lib/gcc/arm-none-eabi/7.3.1/../../../../arm-none-eabi/lib/thumb/v7-m/libm.a(lib_a-e_fmod.o)
                0x00000000000041c8                __ieee754_fmod
 *fill*         0x0000000000004404        0x4 
 .text.__ieee754_pow
                0x0000000000004408      0xae4 /usr/bin/../lib/gcc/arm-none-eabi/7.3.1/../../../../arm-none-eabi/lib/thumb/v7-m/libm.a(lib_a-e_pow.o)
                0x0000000000004408                __ieee754_pow
 .text.__ieee754_sqrt
                0x0000000000004eec      0x184 /usr/bin/../lib/gcc/arm-none-eabi/7.3.1/../../../../arm-none-eabi/lib/thumb/v7-m/libm.a(lib_a-e_sqrt.o)
                0x0000000000004eec                __ieee754_sqrt
 .text.fabs     0x0000000000005070        0x8 /usr/bin/../lib/gcc/arm-none-eabi/7.3.1/../../../../arm-none-eabi/lib/thumb/v7-m/libm.a(lib_a-s_fabs.o)
                0x0000000000005070                fabs
 .text.finite   0x0000000000005078        0xc /usr/bin/../lib/gcc/arm-none-eabi/7.3.1/../../../../arm-none-eabi/lib/thumb/v7-m/libm.a(lib_a-s_finite.o)
                0x0000000000005078                finite
 .text.matherr  0x0000000000005084        0x4 /usr/bin/../lib/gcc/arm-none-eabi/7.3.1/../../../../arm-none-eabi/lib/thumb/v7-m/libm.a(lib_a-s_matherr.o)
                0x0000000000005084                matherr
 .text.nan      0x0000000000005088        0xc /usr/bin/../lib/gcc/arm-none-eabi/7.3.1/../../../../arm-none-eabi/lib/thumb/v7-m/libm.a(lib_a-s_nan.o)
                0x0000000000005088                nan
 .text.rint     0x0000000000005094      0x118 /usr/bin/../lib/gcc/arm-none-eabi/7.3.1/../../../../arm-none-eabi/lib/thumb/v7-m/libm.a(lib_a-s_rint.o)
                0x0000000000005094                rint
 *fill*         0x00000000000051ac        0x4 
 .text.scalbn   0x00000000000051b0       0xe4 /usr/bin/../lib/gcc/arm-none-eabi/7.3.1/../../../../arm-none-eabi/lib/thumb/v7-m/libm.a(lib_a-s_scalbn.o)
                0x00000000000051b0                scalbn
 .text.copysign
                0x0000000000005294       0x10 /usr/bin/../lib/gcc/arm-none-eabi/7.3.1/../../../../arm-none-eabi/lib/thumb/v7-m/libm.a(lib_a-s_copysign.o)
                0x0000000000005294                copysign
 .text          0x00000000000052a4      0x378 /usr/bin/../lib/gcc/arm-none-eabi/7.3.1/thumb/v7-m/libgcc.a(_arm_addsubdf3.o)
                0x00000000000052a4                __aeabi_drsub
                0x00000000000052ac                __aeabi_dsub
                0x00000000000052ac                __subdf3
                0x00000000000052b0                __adddf3
                0x00000000000052b0                __aeabi_dadd
                0x0000000000005528                __aeabi_ui2d
                0x0000000000005528                __floatunsidf
                0x0000000000005548                __floatsidf
                0x0000000000005548                __aeabi_i2d
                0x000000000000556c                __extendsfdf2
                0x000000000000556c                __aeabi_f2d
                0x00000000000055b0                __aeabi_ul2d
                0x00000000000055b0                __floatundidf
                0x00000000000055c0                __floatdidf
                0x00000000000055c0                __aeabi_l2d
 .text          0x000000000000561c      0x424 /usr/bin/../lib/gcc/arm-none-eabi/7.3.1/thumb/v7-m/libgcc.a(_arm_muldivdf3.o)
                0x000000000000561c                __aeabi_dmul
                0x000000000000561c                __muldf3
                0x0000000000005870                __aeabi_ddiv
                0x0000000000005870                __divdf3
 .text          0x0000000000005a40      0x110 /usr/bin/../lib/gcc/arm-none-eabi/7.3.1/thumb/v7-m/libgcc.a(_arm_cmpdf2.o)
                0x0000000000005a40                __gtdf2
                0x0000000000005a40                __gedf2
                0x0000000000005a48                __ltdf2
                0x0000000000005a48                __ledf2
                0x0000000000005a50                __cmpdf2
                0x0000000000005a50                __eqdf2
                0x0000000000005a50                __nedf2
                0x0000000000005acc                __aeabi_cdrcmple
                0x0000000000005adc                __aeabi_cdcmple
                0x0000000000005adc                __aeabi_cdcmpeq
                0x0000000000005aec                __aeabi_dcmpeq
                0x0000000000005b00                __aeabi_dcmplt
                0x0000000000005b14                __aeabi_dcmple
                0x0000000000005b28                __aeabi_dcmpge
                0x0000000000005b3c                __aeabi_dcmpgt
 .text          0x0000000000005b50       0x2c /usr/bin/../lib/gcc/arm-none-eabi/7.3.1/thumb/v7-m/libgcc.a(_arm_unorddf2.o)
                0x0000000000005b50                __aeabi_dcmpun
                0x0000000000005b50                __unorddf2
 .text          0x0000000000005b7c       0x50 /usr/bin/../lib/gcc/arm-none-eabi/7.3.1/thumb/v7-m/libgcc.a(_arm_fixdfsi.o)
                0x0000000000005b7c                __fixdfsi
                0x0000000000005b7c                __aeabi_d2iz
 .text          0x0000000000005bcc       0x40 /usr/bin/../lib/gcc/arm-none-eabi/7.3.1/thumb/v7-m/libgcc.a(_arm_fixunsdfsi.o)
                0x0000000000005bcc                __fixunsdfsi
                0x0000000000005bcc                __aeabi_d2uiz
 .text          0x0000000000005c0c       0x30 /usr/bin/../lib/gcc/arm-none-eabi/7.3.1/thumb/v7-m/libgcc.a(_aeabi_uldivmod.o)
                0x0000000000005c0c                __aeabi_uldivmod
 .text          0x0000000000005c3c      0x2d0 /usr/bin/../lib/gcc/arm-none-eabi/7.3.1/thumb/v7-m/libgcc.a(_udivmoddi4.o)
                0x0000000000005c3c                __udivmoddi4
 .text          0x0000000000005f0c        0x4 /usr/bin/../lib/gcc/arm-none-eabi/7.3.1/thumb/v7-m/libgcc.a(_dvmd_tls.o)
                0x0000000000005f0c                __aeabi_ldiv0
 .text.__errno  0x0000000000005f10        0xc /usr/bin/../lib/gcc/arm-none-eabi/7.3.1/../../../../arm-none-eabi/lib/thumb/v7-m/libc.a(lib_a-errno.o)
                0x0000000000005f10                __errno
 .text          0x0000000000005f1c       0xec /usr/bin/../lib/gcc/arm-none-eabi/7.3.1/../../../../arm-none-eabi/lib/thumb/v7-m/libc.a(lib_a-memcpy.o)
                0x0000000000005f1c                memcpy
 .text.memset   0x0000000000006008       0x94 /usr/bin/../lib/gcc/arm-none-eabi/7.3.1/../../../../arm-none-eabi/lib/thumb/v7-m/libc.a(lib_a-memset.o)
                0x0000000000006008                memset
                0x000000000000609c                . = ALIGN (0x4)
 *(.glue_7t .glue_7)
 .glue_7        0x000000000000609c        0x0 linker stubs
 .glue_7t       0x000000000000609c        0x0 linker stubs
                0x000000000000609c                . = ALIGN (0x4)
 *(.rodata .rodata.* .gnu.linkonce.r.*)
 .rodata._ZTVN5hwlib4lineE
                0x000000000000609c        0xc tetris.o
                0x000000000000609c                vtable for hwlib::line
 .rodata._ZN3due8pin_infoENS_4pinsE.str1.1
                0x00000000000060a8       0x3d tetris.o
 .rodata._ZN5hwlibL11unspecifiedE
                0x00000000000060e5        0x4 tetris.o
 .rodata._ZZN3due8pin_infoENS_4pinsEE14pin_info_array
                0x00000000000060e9       0xa4 tetris.o
 .rodata._ZN5hwlibL11unspecifiedE
                0x000000000000618d        0x4 effects.o
 *fill*         0x0000000000006191        0x3 
 .rodata._ZTVN7effects10cold_shiftE
                0x0000000000006194        0xc effects.o
                0x0000000000006194                vtable for effects::cold_shift
 .rodata._ZTVN7effects12colour_linesE
                0x00000000000061a0        0xc effects.o
                0x00000000000061a0                vtable for effects::colour_lines
 .rodata._ZTVN7effects12game_of_lifeE
                0x00000000000061ac        0xc effects.o
                0x00000000000061ac                vtable for effects::game_of_life
 .rodata        0x00000000000061b8       0x88 tetris_animations.o
 .rodata._ZN5hwlibL11unspecifiedE
                0x0000000000006240        0x4 tetris_animations.o
 .rodata._ZTVN3due6pin_inE
                0x0000000000006244       0x10 main.o
                0x0000000000006244                vtable for due::pin_in
 .rodata._ZTVN3due7pin_outE
                0x0000000000006254       0x10 main.o
                0x0000000000006254                vtable for due::pin_out
 .rodata._ZTVN9ledscreen31ledwindow_vertical_bottom_rightE
                0x0000000000006264       0x28 main.o
                0x0000000000006264                vtable for ledscreen::ledwindow_vertical_bottom_right
 .rodata._ZN5hwlibL11unspecifiedE
                0x000000000000628c        0x4 main.o
 .rodata.fmod.str1.4
                0x0000000000006290        0x5 /usr/bin/../lib/gcc/arm-none-eabi/7.3.1/../../../../arm-none-eabi/lib/thumb/v7-m/libm.a(lib_a-w_fmod.o)
 *fill*         0x0000000000006295        0x3 
 .rodata.pow.str1.4
                0x0000000000006298        0x4 /usr/bin/../lib/gcc/arm-none-eabi/7.3.1/../../../../arm-none-eabi/lib/thumb/v7-m/libm.a(lib_a-w_pow.o)
 *fill*         0x000000000000629c        0x4 
 .rodata.Zero   0x00000000000062a0       0x10 /usr/bin/../lib/gcc/arm-none-eabi/7.3.1/../../../../arm-none-eabi/lib/thumb/v7-m/libm.a(lib_a-e_fmod.o)
 .rodata.__ieee754_pow.str1.4
                0x00000000000062b0        0x4 /usr/bin/../lib/gcc/arm-none-eabi/7.3.1/../../../../arm-none-eabi/lib/thumb/v7-m/libm.a(lib_a-e_pow.o)
                                          0x1 (size before relaxing)
 .rodata.TWO52  0x00000000000062b0       0x10 /usr/bin/../lib/gcc/arm-none-eabi/7.3.1/../../../../arm-none-eabi/lib/thumb/v7-m/libm.a(lib_a-s_rint.o)
                0x00000000000062c0                . = ALIGN (0x4)
 *(.ARM.extab* .gnu.linkonce.armextab.*)
                0x00000000000062c0                . = ALIGN (0x4)
 *(.gcc_except_table)
                0x00000000000062c0                . = ALIGN (0x4)
 *(.eh_frame_hdr)
                0x00000000000062c0                . = ALIGN (0x4)
 *(.eh_frame)
                0x00000000000062c0                . = ALIGN (0x4)
                0x00000000000062c0                __text_end = .
                [!provide]                        PROVIDE (__text_end = __text_end)

.vfp11_veneer   0x00000000000062c0        0x0
 .vfp11_veneer  0x00000000000062c0        0x0 linker stubs

.v4_bx          0x00000000000062c0        0x0
 .v4_bx         0x00000000000062c0        0x0 linker stubs

.iplt           0x00000000000062c0        0x0
 .iplt          0x00000000000062c0        0x0 tetris.o

.IF_YOU_SEE_THIS_YOU_HAVE_ONE_OR_MORE_GLOBAL_OBJECT_CONSTRUCTORS
 *(.init)
 *(.preinit_array)
 *(SORT_BY_NAME(.init_array.*))
 *(.init_array)
                0x00000000000062c0                . = ALIGN (0x4)
                0x00000000000062c0                __exidx_start = .
                [!provide]                        PROVIDE (__exidx_start = __exidx_start)

.ARM.exidx      0x00000000000062c0        0x8
 *(.ARM.exidx* .gnu.linkonce.armexidx.*)
 .ARM.exidx     0x00000000000062c0        0x8 /usr/bin/../lib/gcc/arm-none-eabi/7.3.1/thumb/v7-m/libgcc.a(_udivmoddi4.o)

.rel.dyn        0x00000000000062c8        0x0
 .rel.iplt      0x00000000000062c8        0x0 tetris.o
                0x00000000000062c8                . = ALIGN (0x4)
                0x00000000000062c8                __exidx_end = .
                [!provide]                        PROVIDE (__exidx_end = __exidx_end)

.bss            0x0000000020000000    0x1201c
                0x0000000020000000                . = ALIGN (0x4)
                0x0000000020000000                __stack_start = .
                [!provide]                        PROVIDE (__stack_start = __stack_start)
                0x0000000020000000                . = ALIGN (0x4)
 *(.bmptk_stack)
 .bmptk_stack   0x0000000020000000    0x12000 bmptk_fixed_size_stack.o
                0x0000000020000000                bmptk_stack
                0x0000000020012000                . = ALIGN (0x8)
                0x0000000020012000                __main_stack_end = .
                [!provide]                        PROVIDE (__main_stack_end = __main_stack_end)
                0x0000000020012000                . = ALIGN (0x4)
                0x0000000020012000                __stack_end = .
                [!provide]                        PROVIDE (__stack_end = __stack_end)
                0x0000000020012000                . = ALIGN (0x4)
                0x0000000020012000                __bss_start = .
                [!provide]                        PROVIDE (__bss_start = __bss_start)
                0x0000000020012000                . = ALIGN (0x4)
 *(.bss .bss.* .gnu.linkonce.b.*)
 .bss._ZZN3due9now_ticksEvE4high
                0x0000000020012000        0x8 tetris.o
 .bss._ZZN3due9now_ticksEvE8last_low
                0x0000000020012008        0x4 tetris.o
 .bss._ZZN3due9now_ticksEvE9init_done
                0x000000002001200c        0x1 tetris.o
 *fill*         0x000000002001200d        0x3 
 .bss._ZN5hwlib10background5firstE
                0x0000000020012010        0x4 hwlib.o
                0x0000000020012010                hwlib::background::first
 .bss._ZN5hwlib10background7currentE
                0x0000000020012014        0x4 hwlib.o
                0x0000000020012014                hwlib::background::current
 .bss._ZN5hwlib10background7runningE
                0x0000000020012018        0x1 hwlib.o
                0x0000000020012018                hwlib::background::running
                0x000000002001201c                . = ALIGN (0x4)
 *fill*         0x0000000020012019        0x3 
 *(COMMON)
                0x000000002001201c                . = ALIGN (0x4)
                0x000000002001201c                __bss_end = .
                [!provide]                        PROVIDE (__bss_end = __bss_end)

.data           0x0000000020012020      0x438 load address 0x00000000000062c8
                0x0000000020012020                . = ALIGN (0x4)
                0x00000000000062c8                __data_init_start = LOADADDR (.data)
                [!provide]                        PROVIDE (__data_init_start = __data_init_start)
                0x0000000020012020                __data_start = .
                [!provide]                        PROVIDE (__data_start = __data_start)
                0x0000000020012020                . = ALIGN (0x4)
 *(.data .data.* .gnu.linkonce.d.*)
 .data._ZN6sam3xa15SystemCoreClockE
                0x0000000020012020        0x4 tetris.o
                0x0000000020012020                sam3xa::SystemCoreClock
 .data.__fdlib_version
                0x0000000020012024        0x1 /usr/bin/../lib/gcc/arm-none-eabi/7.3.1/../../../../arm-none-eabi/lib/thumb/v7-m/libm.a(lib_a-s_lib_ver.o)
                0x0000000020012024                __fdlib_version
 *fill*         0x0000000020012025        0x3 
 .data._impure_ptr
                0x0000000020012028        0x4 /usr/bin/../lib/gcc/arm-none-eabi/7.3.1/../../../../arm-none-eabi/lib/thumb/v7-m/libc.a(lib_a-impure.o)
                0x0000000020012028                _impure_ptr
 *fill*         0x000000002001202c        0x4 
 .data.impure_data
                0x0000000020012030      0x428 /usr/bin/../lib/gcc/arm-none-eabi/7.3.1/../../../../arm-none-eabi/lib/thumb/v7-m/libc.a(lib_a-impure.o)
                0x0000000020012458                . = ALIGN (0x4)
                0x0000000020012458                __data_end = .
                [!provide]                        PROVIDE (__data_end = __data_end)
                0x00000000000062c8                __data_init_end = LOADADDR (.data)
                [!provide]                        PROVIDE (__data_init_end = __data_init_end)
                [!provide]                        PROVIDE (__data_size = (__data_end - __data_start))
                [!provide]                        PROVIDE (__data_init_size = __data_size)
                [!provide]                        PROVIDE (__data_init_end = (__data_init_start + __data_init_size))

.igot.plt       0x0000000020012458        0x0 load address 0x0000000000006700
 .igot.plt      0x0000000020012458        0x0 tetris.o
                0x0000000020012458                . = ALIGN (0x4)
                0x0000000020012458                __heap_start = .
                [!provide]                        PROVIDE (__heap_start = __heap_start)
                0x0000000020012458                . = ALIGN (0x4)
                0x0000000020018000                __heap_end = __ram_end
                [!provide]                        PROVIDE (__heap_end = __heap_end)

.stab
 *(.stab)

.stabstr
 *(.stabstr)

.debug
 *(.debug)

.line
 *(.line)

.debug_srcinfo
 *(.debug_srcinfo)

.debug_sfnames
 *(.debug_sfnames)

.debug_aranges
 *(.debug_aranges)

.debug_pubnames
 *(.debug_pubnames)

.debug_info
 *(.debug_info .gnu.linkonce.wi.*)

.debug_abbrev
 *(.debug_abbrev)

.debug_line
 *(.debug_line)

.debug_frame    0x0000000000000000      0x53c
 *(.debug_frame)
 .debug_frame   0x0000000000000000       0x40 /usr/bin/../lib/gcc/arm-none-eabi/7.3.1/../../../../arm-none-eabi/lib/thumb/v7-m/libm.a(lib_a-w_fmod.o)
 .debug_frame   0x0000000000000040       0x48 /usr/bin/../lib/gcc/arm-none-eabi/7.3.1/../../../../arm-none-eabi/lib/thumb/v7-m/libm.a(lib_a-w_pow.o)
 .debug_frame   0x0000000000000088       0x34 /usr/bin/../lib/gcc/arm-none-eabi/7.3.1/../../../../arm-none-eabi/lib/thumb/v7-m/libm.a(lib_a-e_fmod.o)
 .debug_frame   0x00000000000000bc       0x68 /usr/bin/../lib/gcc/arm-none-eabi/7.3.1/../../../../arm-none-eabi/lib/thumb/v7-m/libm.a(lib_a-e_pow.o)
 .debug_frame   0x0000000000000124       0x30 /usr/bin/../lib/gcc/arm-none-eabi/7.3.1/../../../../arm-none-eabi/lib/thumb/v7-m/libm.a(lib_a-e_sqrt.o)
 .debug_frame   0x0000000000000154       0x20 /usr/bin/../lib/gcc/arm-none-eabi/7.3.1/../../../../arm-none-eabi/lib/thumb/v7-m/libm.a(lib_a-s_fabs.o)
 .debug_frame   0x0000000000000174       0x20 /usr/bin/../lib/gcc/arm-none-eabi/7.3.1/../../../../arm-none-eabi/lib/thumb/v7-m/libm.a(lib_a-s_finite.o)
 .debug_frame   0x0000000000000194       0x20 /usr/bin/../lib/gcc/arm-none-eabi/7.3.1/../../../../arm-none-eabi/lib/thumb/v7-m/libm.a(lib_a-s_matherr.o)
 .debug_frame   0x00000000000001b4       0x20 /usr/bin/../lib/gcc/arm-none-eabi/7.3.1/../../../../arm-none-eabi/lib/thumb/v7-m/libm.a(lib_a-s_nan.o)
 .debug_frame   0x00000000000001d4       0x38 /usr/bin/../lib/gcc/arm-none-eabi/7.3.1/../../../../arm-none-eabi/lib/thumb/v7-m/libm.a(lib_a-s_rint.o)
 .debug_frame   0x000000000000020c       0x30 /usr/bin/../lib/gcc/arm-none-eabi/7.3.1/../../../../arm-none-eabi/lib/thumb/v7-m/libm.a(lib_a-s_scalbn.o)
 .debug_frame   0x000000000000023c       0x20 /usr/bin/../lib/gcc/arm-none-eabi/7.3.1/../../../../arm-none-eabi/lib/thumb/v7-m/libm.a(lib_a-s_copysign.o)
 .debug_frame   0x000000000000025c       0xac /usr/bin/../lib/gcc/arm-none-eabi/7.3.1/thumb/v7-m/libgcc.a(_arm_addsubdf3.o)
 .debug_frame   0x0000000000000308       0x50 /usr/bin/../lib/gcc/arm-none-eabi/7.3.1/thumb/v7-m/libgcc.a(_arm_muldivdf3.o)
 .debug_frame   0x0000000000000358       0xc4 /usr/bin/../lib/gcc/arm-none-eabi/7.3.1/thumb/v7-m/libgcc.a(_arm_cmpdf2.o)
 .debug_frame   0x000000000000041c       0x20 /usr/bin/../lib/gcc/arm-none-eabi/7.3.1/thumb/v7-m/libgcc.a(_arm_unorddf2.o)
 .debug_frame   0x000000000000043c       0x24 /usr/bin/../lib/gcc/arm-none-eabi/7.3.1/thumb/v7-m/libgcc.a(_arm_fixdfsi.o)
 .debug_frame   0x0000000000000460       0x24 /usr/bin/../lib/gcc/arm-none-eabi/7.3.1/thumb/v7-m/libgcc.a(_arm_fixunsdfsi.o)
 .debug_frame   0x0000000000000484       0x2c /usr/bin/../lib/gcc/arm-none-eabi/7.3.1/thumb/v7-m/libgcc.a(_aeabi_uldivmod.o)
 .debug_frame   0x00000000000004b0       0x34 /usr/bin/../lib/gcc/arm-none-eabi/7.3.1/thumb/v7-m/libgcc.a(_udivmoddi4.o)
 .debug_frame   0x00000000000004e4       0x20 /usr/bin/../lib/gcc/arm-none-eabi/7.3.1/../../../../arm-none-eabi/lib/thumb/v7-m/libc.a(lib_a-errno.o)
 .debug_frame   0x0000000000000504       0x38 /usr/bin/../lib/gcc/arm-none-eabi/7.3.1/../../../../arm-none-eabi/lib/thumb/v7-m/libc.a(lib_a-memset.o)

.comment        0x0000000000000000       0x7f
 .comment       0x0000000000000000       0x7f tetris.o
                                         0x80 (size before relaxing)
 .comment       0x000000000000007f       0x80 effects.o
 .comment       0x000000000000007f       0x80 tetris_animations.o
 .comment       0x000000000000007f       0x80 tetris_pieces.o
 .comment       0x000000000000007f       0x80 hwlib.o
 .comment       0x000000000000007f       0x80 main.o
 .comment       0x000000000000007f       0x80 bmptk_cortex.o
 .comment       0x000000000000007f       0x80 bmptk_fixed_size_stack.o

.debug_str
 *(.debug_str)

.debug_loc
 *(.debug_loc)

.debug_macinfo
 *(.debug_macinfo)

.debug_weaknames
 *(.debug_weaknames)

.debug_funcnames
 *(.debug_funcnames)

.debug_typenames
 *(.debug_typenames)

.debug_varnames
 *(.debug_varnames)

.note.gnu.arm.ident
 *(.note.gnu.arm.ident)

.ARM.attributes
                0x0000000000000000       0x31
 *(.ARM.attributes)
 .ARM.attributes
                0x0000000000000000       0x33 tetris.o
 .ARM.attributes
                0x0000000000000033       0x33 effects.o
 .ARM.attributes
                0x0000000000000066       0x33 tetris_animations.o
 .ARM.attributes
                0x0000000000000099       0x33 tetris_pieces.o
 .ARM.attributes
                0x00000000000000cc       0x33 hwlib.o
 .ARM.attributes
                0x00000000000000ff       0x33 main.o
 .ARM.attributes
                0x0000000000000132       0x33 bmptk_cortex.o
 .ARM.attributes
                0x0000000000000165       0x33 bmptk_heap_none.o
 .ARM.attributes
                0x0000000000000198       0x33 bmptk_fixed_size_stack.o
 .ARM.attributes
                0x00000000000001cb       0x2d /usr/bin/../lib/gcc/arm-none-eabi/7.3.1/../../../../arm-none-eabi/lib/thumb/v7-m/libm.a(lib_a-w_fmod.o)
 .ARM.attributes
                0x00000000000001f8       0x2d /usr/bin/../lib/gcc/arm-none-eabi/7.3.1/../../../../arm-none-eabi/lib/thumb/v7-m/libm.a(lib_a-w_pow.o)
 .ARM.attributes
                0x0000000000000225       0x2d /usr/bin/../lib/gcc/arm-none-eabi/7.3.1/../../../../arm-none-eabi/lib/thumb/v7-m/libm.a(lib_a-e_fmod.o)
 .ARM.attributes
                0x0000000000000252       0x2d /usr/bin/../lib/gcc/arm-none-eabi/7.3.1/../../../../arm-none-eabi/lib/thumb/v7-m/libm.a(lib_a-e_pow.o)
 .ARM.attributes
                0x000000000000027f       0x2d /usr/bin/../lib/gcc/arm-none-eabi/7.3.1/../../../../arm-none-eabi/lib/thumb/v7-m/libm.a(lib_a-e_sqrt.o)
 .ARM.attributes
                0x00000000000002ac       0x2d /usr/bin/../lib/gcc/arm-none-eabi/7.3.1/../../../../arm-none-eabi/lib/thumb/v7-m/libm.a(lib_a-s_fabs.o)
 .ARM.attributes
                0x00000000000002d9       0x2d /usr/bin/../lib/gcc/arm-none-eabi/7.3.1/../../../../arm-none-eabi/lib/thumb/v7-m/libm.a(lib_a-s_finite.o)
 .ARM.attributes
                0x0000000000000306       0x2d /usr/bin/../lib/gcc/arm-none-eabi/7.3.1/../../../../arm-none-eabi/lib/thumb/v7-m/libm.a(lib_a-s_lib_ver.o)
 .ARM.attributes
                0x0000000000000333       0x2d /usr/bin/../lib/gcc/arm-none-eabi/7.3.1/../../../../arm-none-eabi/lib/thumb/v7-m/libm.a(lib_a-s_matherr.o)
 .ARM.attributes
                0x0000000000000360       0x2d /usr/bin/../lib/gcc/arm-none-eabi/7.3.1/../../../../arm-none-eabi/lib/thumb/v7-m/libm.a(lib_a-s_nan.o)
 .ARM.attributes
                0x000000000000038d       0x2d /usr/bin/../lib/gcc/arm-none-eabi/7.3.1/../../../../arm-none-eabi/lib/thumb/v7-m/libm.a(lib_a-s_rint.o)
 .ARM.attributes
                0x00000000000003ba       0x2d /usr/bin/../lib/gcc/arm-none-eabi/7.3.1/../../../../arm-none-eabi/lib/thumb/v7-m/libm.a(lib_a-s_scalbn.o)
 .ARM.attributes
                0x00000000000003e7       0x2d /usr/bin/../lib/gcc/arm-none-eabi/7.3.1/../../../../arm-none-eabi/lib/thumb/v7-m/libm.a(lib_a-s_copysign.o)
 .ARM.attributes
                0x0000000000000414       0x1d /usr/bin/../lib/gcc/arm-none-eabi/7.3.1/thumb/v7-m/libgcc.a(_arm_addsubdf3.o)
 .ARM.attributes
                0x0000000000000431       0x1d /usr/bin/../lib/gcc/arm-none-eabi/7.3.1/thumb/v7-m/libgcc.a(_arm_muldivdf3.o)
 .ARM.attributes
                0x000000000000044e       0x1d /usr/bin/../lib/gcc/arm-none-eabi/7.3.1/thumb/v7-m/libgcc.a(_arm_cmpdf2.o)
 .ARM.attributes
                0x000000000000046b       0x1d /usr/bin/../lib/gcc/arm-none-eabi/7.3.1/thumb/v7-m/libgcc.a(_arm_unorddf2.o)
 .ARM.attributes
                0x0000000000000488       0x1d /usr/bin/../lib/gcc/arm-none-eabi/7.3.1/thumb/v7-m/libgcc.a(_arm_fixdfsi.o)
 .ARM.attributes
                0x00000000000004a5       0x1d /usr/bin/../lib/gcc/arm-none-eabi/7.3.1/thumb/v7-m/libgcc.a(_arm_fixunsdfsi.o)
 .ARM.attributes
                0x00000000000004c2       0x1d /usr/bin/../lib/gcc/arm-none-eabi/7.3.1/thumb/v7-m/libgcc.a(_aeabi_uldivmod.o)
 .ARM.attributes
                0x00000000000004df       0x2d /usr/bin/../lib/gcc/arm-none-eabi/7.3.1/thumb/v7-m/libgcc.a(_udivmoddi4.o)
 .ARM.attributes
                0x000000000000050c       0x1d /usr/bin/../lib/gcc/arm-none-eabi/7.3.1/thumb/v7-m/libgcc.a(_dvmd_tls.o)
 .ARM.attributes
                0x0000000000000529       0x2d /usr/bin/../lib/gcc/arm-none-eabi/7.3.1/../../../../arm-none-eabi/lib/thumb/v7-m/libc.a(lib_a-errno.o)
 .ARM.attributes
                0x0000000000000556       0x2d /usr/bin/../lib/gcc/arm-none-eabi/7.3.1/../../../../arm-none-eabi/lib/thumb/v7-m/libc.a(lib_a-impure.o)
 .ARM.attributes
                0x0000000000000583       0x1b /usr/bin/../lib/gcc/arm-none-eabi/7.3.1/../../../../arm-none-eabi/lib/thumb/v7-m/libc.a(lib_a-memcpy.o)
 .ARM.attributes
                0x000000000000059e       0x2d /usr/bin/../lib/gcc/arm-none-eabi/7.3.1/../../../../arm-none-eabi/lib/thumb/v7-m/libc.a(lib_a-memset.o)

/DISCARD/
 *(.note.GNU-stack)
                [!provide]                        PROVIDE (__text_size = (__text_end - __text_start))
                [!provide]                        PROVIDE (__exidx_size = (__exidx_end - __exidx_start))
                [!provide]                        PROVIDE (__bss_size = (__bss_end - __bss_start))
                [!provide]                        PROVIDE (__stack_size = (__stack_end - __stack_start))
                [!provide]                        PROVIDE (__heap_size = (__heap_end - __heap_start))
OUTPUT(main.elf elf32-littlearm)
